BL51 BANKED LINKER/LOCATER V6.22                                                        04/02/2024  10:10:08  PAGE 1


BL51 BANKED LINKER/LOCATER V6.22, INVOKED BY:
D:\KEIL_V4\C51\BIN\BL51.EXE .\Output\main.obj, .\Output\Common.obj, .\Output\Delay.obj, .\Output\STARTUP.obj TO .\Output
>> \PowerController PRINT (.\LST\PowerController.m51) RAMSIZE (256) DISABLEWARNING (16)


MEMORY MODEL: SMALL


INPUT MODULES INCLUDED:
  .\Output\main.obj (MAIN)
  .\Output\Common.obj (COMMON)
  .\Output\Delay.obj (DELAY)
  .\Output\STARTUP.obj (?C_STARTUP)
  D:\KEIL_V4\C51\LIB\C51S.LIB (?C_INIT)
  D:\KEIL_V4\C51\LIB\C51S.LIB (?C?CLDPTR)
  D:\KEIL_V4\C51\LIB\C51S.LIB (?C?CSTPTR)
  D:\KEIL_V4\C51\LIB\C51S.LIB (?C?ULDIV)
  D:\KEIL_V4\C51\LIB\C51S.LIB (?C?ULCMP)
  D:\KEIL_V4\C51\LIB\C51S.LIB (?C?ULSHR)
  D:\KEIL_V4\C51\LIB\C51S.LIB (?C?CCASE)
  D:\KEIL_V4\C51\LIB\C51S.LIB (STRLEN)


LINK MAP OF MODULE:  .\Output\PowerController (MAIN)


            TYPE    BASE      LENGTH    RELOCATION   SEGMENT NAME
            -----------------------------------------------------

            * * * * * * *   D A T A   M E M O R Y   * * * * * * *
            REG     0000H     0008H     ABSOLUTE     "REG BANK 0"
            DATA    0008H     0009H     UNIT         _DATA_GROUP_
            DATA    0011H     0004H     UNIT         ?DT?_INITIALUART0_TIMER3?COMMON
            DATA    0015H     0004H     UNIT         ?DT?_INITIALUART1_TIMER3?COMMON
            DATA    0019H     0004H     UNIT         ?DT?_TIMER0_DELAY100US?DELAY
                    001DH     0003H                  *** GAP ***
            BIT     0020H.0   0000H.1   UNIT         ?BI?DELAY
                    0020H.1   0000H.7                *** GAP ***
            DATA    0021H     0044H     UNIT         ?DT?MAIN
            DATA    0065H     0004H     UNIT         ?DT?_TIMER1_DELAY10MS?DELAY
            DATA    0069H     0004H     UNIT         ?DT?_TIMER2_DELAY500US?DELAY
            DATA    006DH     0004H     UNIT         ?DT?_TIMER3_DELAY100MS?DELAY
            DATA    0071H     0004H     UNIT         ?DT?_TIMER3_DELAY10US?DELAY
            IDATA   0075H     0001H     UNIT         ?STACK

            * * * * * * *   C O D E   M E M O R Y   * * * * * * *
            CODE    0000H     0003H     ABSOLUTE     
            CODE    0003H     002CH     UNIT         ?PR?INIT_IO?MAIN
                    002FH     0004H                  *** GAP ***
            CODE    0033H     0003H     ABSOLUTE     
            CODE    0036H     0015H     UNIT         ?PR?_STRLEN?STRLEN
            CODE    004BH     0008H     UNIT         ?PR?RECEIVE_DATA_FROM_UART0?COMMON
            CODE    0053H     0003H     ABSOLUTE     
            CODE    0056H     0143H     UNIT         ?C?LIB_CODE
            CODE    0199H     00EBH     UNIT         ?PR?I2C_ISR?MAIN
            CODE    0284H     009AH     UNIT         ?C_C51STARTUP
            CODE    031EH     0087H     UNIT         ?PR?MAIN?MAIN
            CODE    03A5H     0069H     UNIT         ?PR?_INITIALUART0_TIMER3?COMMON
BL51 BANKED LINKER/LOCATER V6.22                                                      04/02/2024  10:10:08  PAGE 2


            CODE    040EH     0066H     UNIT         ?PR?_TX_SETDATA?MAIN
            CODE    0474H     0064H     UNIT         ?PR?_INITIALUART1_TIMER3?COMMON
            CODE    04D8H     004EH     UNIT         ?PR?_TIMER2_DELAY500US?DELAY
            CODE    0526H     004DH     UNIT         ?PR?_TIMER3_DELAY100MS?DELAY
            CODE    0573H     004DH     UNIT         ?PR?_TIMER3_DELAY10US?DELAY
            CODE    05C0H     004BH     UNIT         ?PR?_TIMER0_DELAY100US?DELAY
            CODE    060BH     004BH     UNIT         ?PR?_TIMER0_DELAY1MS?DELAY
            CODE    0656H     004BH     UNIT         ?PR?_TIMER1_DELAY10MS?DELAY
            CODE    06A1H     0039H     UNIT         ?PR?_INITIALUART0_TIMER1?COMMON
            CODE    06DAH     0038H     UNIT         ?PR?INIT_I2C?MAIN
            CODE    0712H     0033H     UNIT         ?PR?INIT_WDT?MAIN
            CODE    0745H     002BH     UNIT         ?PR?WDT_ISR?MAIN
            CODE    0770H     0027H     UNIT         ?PR?GETTEMPERATURE?MAIN
            CODE    0797H     0026H     UNIT         ?PR?_DELAY?MAIN
            CODE    07BDH     0024H     UNIT         ?PR?_MYMEMSET?MAIN
            CODE    07E1H     0020H     UNIT         ?PR?INITIALADC?MAIN
            CODE    0801H     0012H     UNIT         ?PR?RX_RESET?MAIN
            CODE    0813H     000BH     UNIT         ?C_INITSEG
            CODE    081EH     0008H     UNIT         ?PR?_SEND_DATA_TO_UART0?COMMON
            CODE    0826H     0008H     UNIT         ?PR?RECEIVE_DATA_FROM_UART1?COMMON
            CODE    082EH     0008H     UNIT         ?PR?_SEND_DATA_TO_UART1?COMMON
            CODE    0836H     0005H     UNIT         ?CO?MAIN



OVERLAY MAP OF MODULE:   .\Output\PowerController (MAIN)


SEGMENT                                      DATA_GROUP 
  +--> CALLED SEGMENT                      START    LENGTH
----------------------------------------------------------
?PR?I2C_ISR?MAIN                           -----    -----
  +--> ?CO?MAIN
  +--> ?PR?_STRLEN?STRLEN
  +--> ?PR?_TX_SETDATA?MAIN

?PR?_TX_SETDATA?MAIN                       0008H    0004H

*** NEW ROOT ***************************************************

?C_C51STARTUP                              -----    -----
  +--> ?PR?MAIN?MAIN
  +--> ?C_INITSEG

?PR?MAIN?MAIN                              -----    -----
  +--> ?PR?INIT_IO?MAIN
  +--> ?PR?_DELAY?MAIN
  +--> ?PR?INIT_I2C?MAIN
  +--> ?PR?INIT_WDT?MAIN
  +--> ?PR?INITIALADC?MAIN
  +--> ?PR?RX_RESET?MAIN
  +--> ?PR?_TIMER0_DELAY1MS?DELAY
  +--> ?PR?GETTEMPERATURE?MAIN

?PR?RX_RESET?MAIN                          -----    -----
  +--> ?PR?_MYMEMSET?MAIN

BL51 BANKED LINKER/LOCATER V6.22                                                      04/02/2024  10:10:08  PAGE 3


?PR?_MYMEMSET?MAIN                         000CH    0005H

?PR?_TIMER0_DELAY1MS?DELAY                 000CH    0004H



SYMBOL TABLE OF MODULE:  .\Output\PowerController (MAIN)

  VALUE           TYPE          NAME
  ----------------------------------

  -------         MODULE        MAIN
  C:0000H         SYMBOL        _ICE_DUMMY_
  D:00F6H         PUBLIC        AINDIDS
  D:00B1H         PUBLIC        P0M1
  D:00B3H         PUBLIC        P1M1
  D:00B2H         PUBLIC        P0M2
  D:0080H         PUBLIC        P0
  D:00B4H         PUBLIC        P1M2
  D:0090H         PUBLIC        P1
  B:00C0H.2       PUBLIC        AA
  D:00ACH         PUBLIC        P3M1
  D:00A0H         PUBLIC        P2
  D:00B0H         PUBLIC        P3
  D:00ADH         PUBLIC        P3M2
  B:00A8H.7       PUBLIC        EA
  D:00D8H         PUBLIC        PWMCON0
  D:0021H         PUBLIC        rxdata
  D:0041H         PUBLIC        txdata
  C:0199H         PUBLIC        I2C_ISR
  D:00A8H         PUBLIC        IE
  C:0003H         PUBLIC        Init_IO
  B:00E8H.7       PUBLIC        ADCF
  C:0797H         PUBLIC        _delay
  D:00C7H         PUBLIC        TA
  D:00C1H         PUBLIC        I2ADDR
  D:00B8H         PUBLIC        IP
  B:00C0H.3       PUBLIC        SI
  B:00E8H.6       PUBLIC        ADCS
  D:00B2H         PUBLIC        P0SR
  C:031EH         PUBLIC        main
  B:0080H.0       PUBLIC        P00
  C:0801H         PUBLIC        Rx_Reset
  B:0080H.1       PUBLIC        P01
  D:0061H         PUBLIC        rxcnt
  B:0080H.3       PUBLIC        P03
  D:0062H         PUBLIC        txcnt
  B:0080H.4       PUBLIC        P04
  D:0098H         PUBLIC        SCON
  C:06DAH         PUBLIC        Init_I2C
  D:0088H         PUBLIC        TCON
  B:0090H.5       PUBLIC        P15
  C:0770H         PUBLIC        GetTemperature
  D:00BDH         PUBLIC        I2STAT
  C:0745H         PUBLIC        WDT_ISR
  D:0091H         PUBLIC        SFRS
  D:00F8H         PUBLIC        SCON_1
BL51 BANKED LINKER/LOCATER V6.22                                                      04/02/2024  10:10:08  PAGE 4


  D:0063H         PUBLIC        adcvalue
  B:00C0H.6       PUBLIC        I2CEN
  D:009BH         PUBLIC        EIE
  D:00BCH         PUBLIC        I2DAT
  C:040EH         PUBLIC        _Tx_SetData
  C:07E1H         PUBLIC        InitialAdc
  B:0090H.4       PUBLIC        SDA
  D:00E8H         PUBLIC        ADCCON0
  D:00E1H         PUBLIC        ADCCON1
  D:00C0H         PUBLIC        I2CON
  B:0090H.3       PUBLIC        SCL
  D:00C3H         PUBLIC        ADCRH
  C:0712H         PUBLIC        Init_WDT
  D:00C8H         PUBLIC        T2CON
  D:00C2H         PUBLIC        ADCRL
  B:00C0H.5       PUBLIC        STA
  C:07BDH         PUBLIC        _mymemset
  B:00C0H.4       PUBLIC        STO
  D:00D0H         PUBLIC        PSW
  D:00AAH         PUBLIC        WDCON
  -------         PROC          _MYMEMSET
  D:000CH         SYMBOL        dst
  D:0005H         SYMBOL        val
  D:0010H         SYMBOL        len
  -------         DO            
  D:0007H         SYMBOL        i
  -------         ENDDO         
  C:07BDH         LINE#         42
  C:07C3H         LINE#         43
  C:07C3H         LINE#         46
  C:07CBH         LINE#         47
  C:07CBH         LINE#         48
  C:07DDH         LINE#         49
  C:07E0H         LINE#         50
  -------         ENDPROC       _MYMEMSET
  -------         PROC          RX_RESET
  C:0801H         LINE#         54
  C:0801H         LINE#         55
  C:0801H         LINE#         56
  C:080FH         LINE#         57
  C:0812H         LINE#         58
  -------         ENDPROC       RX_RESET
  -------         PROC          _TX_SETDATA
  D:0008H         SYMBOL        buf
  D:000BH         SYMBOL        len
  -------         DO            
  D:0006H         SYMBOL        i
  -------         ENDDO         
  C:040EH         LINE#         61
  C:0416H         LINE#         62
  C:0416H         LINE#         65
  C:0419H         LINE#         66
  C:0422H         LINE#         67
  C:0422H         LINE#         68
  C:0425H         LINE#         69
  C:0425H         LINE#         70
  C:043CH         LINE#         71
BL51 BANKED LINKER/LOCATER V6.22                                                      04/02/2024  10:10:08  PAGE 5


  C:043CH         LINE#         72
  C:0454H         LINE#         73
  C:045BH         LINE#         74
  C:0466H         LINE#         75
  C:0466H         LINE#         76
  C:046CH         LINE#         77
  C:0473H         LINE#         78
  -------         ENDPROC       _TX_SETDATA
  -------         PROC          I2C_ISR
  C:0199H         LINE#         83
  C:01B6H         LINE#         85
  C:01DEH         LINE#         86
  C:01DEH         LINE#         87
  C:01DEH         LINE#         88
  C:01E0H         LINE#         89
  C:01E3H         LINE#         91
  C:01E3H         LINE#         95
  C:01E3H         LINE#         96
  C:01E5H         LINE#         97
  C:01E7H         LINE#         98
  C:01E9H         LINE#         100
  C:01E9H         LINE#         101
  C:01F0H         LINE#         102
  C:01FDH         LINE#         103
  C:01FDH         LINE#         104
  C:01FDH         LINE#         105
  C:020EH         LINE#         106
  C:0210H         LINE#         107
  C:0210H         LINE#         108
  C:021BH         LINE#         109
  C:021BH         LINE#         110
  C:021BH         LINE#         111
  C:021BH         LINE#         112
  C:021BH         LINE#         114
  C:021DH         LINE#         116
  C:0222H         LINE#         117
  C:0222H         LINE#         118
  C:0224H         LINE#         119
  C:0226H         LINE#         121
  C:0226H         LINE#         122
  C:0228H         LINE#         123
  C:0228H         LINE#         124
  C:022AH         LINE#         126
  C:022AH         LINE#         127
  C:0231H         LINE#         128
  C:0234H         LINE#         129
  C:0236H         LINE#         130
  C:0238H         LINE#         132
  C:0238H         LINE#         136
  C:0238H         LINE#         137
  C:023BH         LINE#         138
  C:0246H         LINE#         139
  C:0248H         LINE#         140
  C:024AH         LINE#         142
  C:024AH         LINE#         143
  C:0255H         LINE#         144
  C:025AH         LINE#         145
BL51 BANKED LINKER/LOCATER V6.22                                                      04/02/2024  10:10:08  PAGE 6


  C:025AH         LINE#         146
  C:025CH         LINE#         147
  C:025EH         LINE#         149
  C:025EH         LINE#         150
  C:0260H         LINE#         151
  C:0260H         LINE#         152
  C:0262H         LINE#         154
  C:0262H         LINE#         155
  C:0264H         LINE#         156
  C:0264H         LINE#         158
  C:0264H         LINE#         163
  C:0266H         LINE#         164
  C:0269H         LINE#         165
  C:0269H         LINE#         167
  C:0269H         LINE#         168
  -------         ENDPROC       I2C_ISR
  -------         PROC          WDT_ISR
  C:0745H         LINE#         172
  C:0747H         LINE#         174
  C:075AH         LINE#         175
  C:076DH         LINE#         176
  -------         ENDPROC       WDT_ISR
  -------         PROC          INIT_I2C
  C:06DAH         LINE#         179
  C:06DAH         LINE#         180
  C:06DAH         LINE#         181
  C:06E0H         LINE#         182
  C:06E6H         LINE#         184
  C:06E8H         LINE#         185
  C:06EAH         LINE#         187
  C:0707H         LINE#         189
  C:070AH         LINE#         191
  C:070DH         LINE#         192
  C:070FH         LINE#         193
  C:0711H         LINE#         194
  -------         ENDPROC       INIT_I2C
  -------         PROC          INIT_IO
  C:0003H         LINE#         197
  C:0003H         LINE#         198
  C:0003H         LINE#         199
  C:0010H         LINE#         200
  C:0016H         LINE#         201
  C:001CH         LINE#         202
  C:0022H         LINE#         203
  C:0028H         LINE#         204
  C:002EH         LINE#         205
  -------         ENDPROC       INIT_IO
  -------         PROC          INIT_WDT
  C:0712H         LINE#         208
  C:0712H         LINE#         209
  C:0712H         LINE#         210
  C:071BH         LINE#         211
  C:072EH         LINE#         212
  C:0741H         LINE#         213
  C:0744H         LINE#         214
  -------         ENDPROC       INIT_WDT
  -------         PROC          _DELAY
BL51 BANKED LINKER/LOCATER V6.22                                                      04/02/2024  10:10:08  PAGE 7


  D:0006H         SYMBOL        t
  -------         DO            
  D:0004H         SYMBOL        i
  D:0002H         SYMBOL        j
  -------         ENDDO         
  C:0797H         LINE#         221
  C:0797H         LINE#         222
  C:0797H         LINE#         225
  C:07A7H         LINE#         226
  C:07A7H         LINE#         227
  C:07AAH         LINE#         228
  C:07AAH         LINE#         229
  C:07B5H         LINE#         230
  C:07BCH         LINE#         231
  -------         ENDPROC       _DELAY
  -------         PROC          INITIALADC
  C:07E1H         LINE#         235
  C:07E1H         LINE#         236
  C:07E1H         LINE#         237
  C:07E7H         LINE#         238
  C:07FCH         LINE#         239
  C:07FEH         LINE#         240
  C:0800H         LINE#         241
  -------         ENDPROC       INITIALADC
  -------         PROC          GETTEMPERATURE
  C:0770H         LINE#         243
  C:0770H         LINE#         244
  C:0770H         LINE#         245
  C:0773H         LINE#         246
  C:0773H         LINE#         247
  C:077AH         LINE#         248
  C:078CH         LINE#         249
  C:0792H         LINE#         250
  C:0794H         LINE#         251
  C:0796H         LINE#         252
  C:0796H         LINE#         253
  -------         ENDPROC       GETTEMPERATURE
  -------         PROC          MAIN
  -------         DO            
  D:0082H         SYMBOL        i
  -------         ENDDO         
  C:031EH         LINE#         255
  C:031EH         LINE#         256
  C:031EH         LINE#         259
  C:0321H         LINE#         260
  C:0326H         LINE#         261
  C:032BH         LINE#         262
  C:032DH         LINE#         263
  C:032FH         LINE#         264
  C:0331H         LINE#         265
  C:0334H         LINE#         266
  C:0334H         LINE#         267
  C:033BH         LINE#         268
  C:0344H         LINE#         270
  C:0346H         LINE#         271
  C:0348H         LINE#         272
  C:034AH         LINE#         273
BL51 BANKED LINKER/LOCATER V6.22                                                      04/02/2024  10:10:08  PAGE 8


  C:034DH         LINE#         274
  C:0350H         LINE#         275
  C:0353H         LINE#         276
  C:0355H         LINE#         278
  C:0355H         LINE#         279
  C:0355H         LINE#         280
  C:035BH         LINE#         281
  C:035BH         LINE#         282
  C:0364H         LINE#         283
  C:0364H         LINE#         284
  C:0364H         LINE#         285
  C:0369H         LINE#         286
  C:036CH         LINE#         287
  C:0377H         LINE#         288
  C:0379H         LINE#         289
  C:037BH         LINE#         291
  C:037BH         LINE#         292
  C:0380H         LINE#         293
  C:0383H         LINE#         294
  C:038EH         LINE#         295
  C:0390H         LINE#         296
  C:0392H         LINE#         298
  C:0392H         LINE#         299
  C:0395H         LINE#         300
  C:0395H         LINE#         301
  C:0395H         LINE#         302
  C:0395H         LINE#         303
  C:0398H         LINE#         304
  C:03A3H         LINE#         305
  -------         ENDPROC       MAIN
  -------         ENDMOD        MAIN

  -------         MODULE        COMMON
  C:0000H         SYMBOL        _ICE_DUMMY_
  D:00B1H         PUBLIC        P0M1
  D:00B3H         PUBLIC        P1M1
  D:00B2H         PUBLIC        P0M2
  D:0080H         PUBLIC        P0
  D:00B4H         PUBLIC        P1M2
  D:0090H         PUBLIC        P1
  D:00A0H         PUBLIC        P2
  D:00B0H         PUBLIC        P3
  D:00D8H         PUBLIC        PWMCON0
  D:00A8H         PUBLIC        IE
  D:00B8H         PUBLIC        IP
  B:0098H.0       PUBLIC        RI
  B:0098H.1       PUBLIC        TI
  B:00F8H.0       PUBLIC        RI_1
  B:00F8H.1       PUBLIC        TI_1
  D:0099H         PUBLIC        SBUF
  D:0087H         PUBLIC        PCON
  D:0098H         PUBLIC        SCON
  D:0089H         PUBLIC        TMOD
  D:0088H         PUBLIC        TCON
  D:009AH         PUBLIC        SBUF_1
  D:00F8H         PUBLIC        SCON_1
  D:00C6H         PUBLIC        RH3
BL51 BANKED LINKER/LOCATER V6.22                                                      04/02/2024  10:10:08  PAGE 9


  D:008DH         PUBLIC        TH1
  D:00C5H         PUBLIC        RL3
  C:06A1H         PUBLIC        _InitialUART0_Timer1
  C:03A5H         PUBLIC        _InitialUART0_Timer3
  C:0474H         PUBLIC        _InitialUART1_Timer3
  B:0088H.6       PUBLIC        TR1
  D:00E8H         PUBLIC        ADCCON0
  C:081EH         PUBLIC        _Send_Data_To_UART0
  C:082EH         PUBLIC        _Send_Data_To_UART1
  D:00C0H         PUBLIC        I2CON
  D:00C8H         PUBLIC        T2CON
  D:00C4H         PUBLIC        T3CON
  C:004BH         PUBLIC        Receive_Data_From_UART0
  C:0826H         PUBLIC        Receive_Data_From_UART1
  D:008EH         PUBLIC        CKCON
  D:00D0H         PUBLIC        PSW
  -------         PROC          _INITIALUART0_TIMER1
  D:0004H         SYMBOL        u32Baudrate
  C:06A1H         LINE#         21
  C:06A1H         LINE#         22
  C:06A1H         LINE#         23
  C:06A7H         LINE#         24
  C:06ADH         LINE#         26
  C:06B0H         LINE#         27
  C:06B3H         LINE#         29
  C:06B6H         LINE#         30
  C:06B9H         LINE#         31
  C:06BCH         LINE#         34
  C:06D5H         LINE#         39
  C:06D7H         LINE#         40
  C:06D9H         LINE#         41
  -------         ENDPROC       _INITIALUART0_TIMER1
  -------         PROC          _INITIALUART0_TIMER3
  D:0011H         SYMBOL        u32Baudrate
  C:03A5H         LINE#         43
  C:03ADH         LINE#         44
  C:03ADH         LINE#         45
  C:03B3H         LINE#         46
  C:03B9H         LINE#         48
  C:03BCH         LINE#         49
  C:03BFH         LINE#         50
  C:03C2H         LINE#         51
  C:03C5H         LINE#         54
  C:03EEH         LINE#         55
  C:0408H         LINE#         61
  C:040BH         LINE#         62
  C:040DH         LINE#         63
  -------         ENDPROC       _INITIALUART0_TIMER3
  -------         PROC          RECEIVE_DATA_FROM_UART0
  -------         DO            
  D:0007H         SYMBOL        c
  -------         ENDDO         
  C:004BH         LINE#         65
  C:004BH         LINE#         66
  C:004BH         LINE#         68
  C:004EH         LINE#         69
  C:0050H         LINE#         70
BL51 BANKED LINKER/LOCATER V6.22                                                      04/02/2024  10:10:08  PAGE 10


  C:0052H         LINE#         71
  C:0052H         LINE#         72
  -------         ENDPROC       RECEIVE_DATA_FROM_UART0
  -------         PROC          _SEND_DATA_TO_UART0
  D:0007H         SYMBOL        c
  C:081EH         LINE#         74
  C:081EH         LINE#         75
  C:081EH         LINE#         76
  C:0820H         LINE#         77
  C:0822H         LINE#         78
  C:0825H         LINE#         79
  -------         ENDPROC       _SEND_DATA_TO_UART0
  -------         PROC          _INITIALUART1_TIMER3
  D:0015H         SYMBOL        u32Baudrate
  C:0474H         LINE#         85
  C:047CH         LINE#         86
  C:047CH         LINE#         87
  C:0482H         LINE#         88
  C:0488H         LINE#         90
  C:048BH         LINE#         91
  C:048EH         LINE#         92
  C:0491H         LINE#         95
  C:04BAH         LINE#         96
  C:04D4H         LINE#         102
  C:04D7H         LINE#         103
  -------         ENDPROC       _INITIALUART1_TIMER3
  -------         PROC          RECEIVE_DATA_FROM_UART1
  -------         DO            
  D:0007H         SYMBOL        c
  -------         ENDDO         
  C:0826H         LINE#         105
  C:0826H         LINE#         106
  C:0826H         LINE#         109
  C:0829H         LINE#         110
  C:082BH         LINE#         111
  C:082DH         LINE#         112
  C:082DH         LINE#         113
  -------         ENDPROC       RECEIVE_DATA_FROM_UART1
  -------         PROC          _SEND_DATA_TO_UART1
  D:0007H         SYMBOL        c
  C:082EH         LINE#         115
  C:082EH         LINE#         116
  C:082EH         LINE#         117
  C:0830H         LINE#         118
  C:0832H         LINE#         119
  C:0835H         LINE#         120
  -------         ENDPROC       _SEND_DATA_TO_UART1
  -------         ENDMOD        COMMON

  -------         MODULE        DELAY
  C:0000H         SYMBOL        _ICE_DUMMY_
  D:0080H         PUBLIC        P0
  D:0090H         PUBLIC        P1
  D:00A0H         PUBLIC        P2
  C:05C0H         PUBLIC        _Timer0_Delay100us
  D:00B0H         PUBLIC        P3
  D:00D8H         PUBLIC        PWMCON0
BL51 BANKED LINKER/LOCATER V6.22                                                      04/02/2024  10:10:08  PAGE 11


  C:04D8H         PUBLIC        _Timer2_Delay500us
  D:00A8H         PUBLIC        IE
  D:00B8H         PUBLIC        IP
  C:060BH         PUBLIC        _Timer0_Delay1ms
  B:0020H.0       PUBLIC        BIT_TMP
  D:0098H         PUBLIC        SCON
  D:0089H         PUBLIC        TMOD
  D:0088H         PUBLIC        TCON
  D:00F8H         PUBLIC        SCON_1
  B:0088H.5       PUBLIC        TF0
  C:0656H         PUBLIC        _Timer1_Delay10ms
  B:0088H.7       PUBLIC        TF1
  B:00C8H.7       PUBLIC        TF2
  D:008CH         PUBLIC        TH0
  D:00C6H         PUBLIC        RH3
  D:008DH         PUBLIC        TH1
  D:00CDH         PUBLIC        TH2
  D:008AH         PUBLIC        TL0
  D:00C5H         PUBLIC        RL3
  D:008BH         PUBLIC        TL1
  D:00CCH         PUBLIC        TL2
  C:0573H         PUBLIC        _Timer3_Delay10us
  B:0088H.4       PUBLIC        TR0
  B:0088H.6       PUBLIC        TR1
  B:00C8H.2       PUBLIC        TR2
  D:00E8H         PUBLIC        ADCCON0
  D:00C0H         PUBLIC        I2CON
  D:00C9H         PUBLIC        T2MOD
  D:00C8H         PUBLIC        T2CON
  D:00C4H         PUBLIC        T3CON
  D:008EH         PUBLIC        CKCON
  D:00D0H         PUBLIC        PSW
  C:0526H         PUBLIC        _Timer3_Delay100ms
  -------         PROC          _TIMER0_DELAY100US
  D:0019H         SYMBOL        u32CNT
  C:05C0H         LINE#         21
  C:05C8H         LINE#         22
  C:05C8H         LINE#         23
  C:05CBH         LINE#         24
  C:05CEH         LINE#         25
  C:05D0H         LINE#         26
  C:05E3H         LINE#         27
  C:05E3H         LINE#         28
  C:05E6H         LINE#         29
  C:05E9H         LINE#         30
  C:05ECH         LINE#         31
  C:05ECH         LINE#         33
  C:05ECH         LINE#         34
  C:05EEH         LINE#         35
  C:0606H         LINE#         36
  C:0608H         LINE#         37
  C:060AH         LINE#         38
  -------         ENDPROC       _TIMER0_DELAY100US
  -------         PROC          _TIMER0_DELAY1MS
  D:000CH         SYMBOL        u32CNT
  C:060BH         LINE#         40
  C:0613H         LINE#         41
BL51 BANKED LINKER/LOCATER V6.22                                                      04/02/2024  10:10:08  PAGE 12


  C:0613H         LINE#         42
  C:0616H         LINE#         43
  C:0619H         LINE#         44
  C:061BH         LINE#         45
  C:062EH         LINE#         46
  C:062EH         LINE#         47
  C:0631H         LINE#         48
  C:0634H         LINE#         49
  C:0637H         LINE#         50
  C:0637H         LINE#         52
  C:0637H         LINE#         53
  C:0639H         LINE#         54
  C:0651H         LINE#         55
  C:0653H         LINE#         56
  C:0655H         LINE#         57
  -------         ENDPROC       _TIMER0_DELAY1MS
  -------         PROC          _TIMER1_DELAY10MS
  D:0065H         SYMBOL        u32CNT
  C:0656H         LINE#         60
  C:065EH         LINE#         61
  C:065EH         LINE#         62
  C:0661H         LINE#         63
  C:0664H         LINE#         64
  C:0666H         LINE#         65
  C:0679H         LINE#         66
  C:0679H         LINE#         67
  C:067CH         LINE#         68
  C:067FH         LINE#         69
  C:0682H         LINE#         70
  C:0682H         LINE#         72
  C:0682H         LINE#         73
  C:0684H         LINE#         74
  C:069CH         LINE#         75
  C:069EH         LINE#         76
  C:06A0H         LINE#         77
  -------         ENDPROC       _TIMER1_DELAY10MS
  -------         PROC          _TIMER2_DELAY500US
  D:0069H         SYMBOL        u32CNT
  C:04D8H         LINE#         79
  C:04E0H         LINE#         80
  C:04E0H         LINE#         81
  C:04E3H         LINE#         82
  C:04E6H         LINE#         83
  C:04E9H         LINE#         84
  C:04EBH         LINE#         85
  C:04FEH         LINE#         86
  C:04FEH         LINE#         87
  C:0501H         LINE#         88
  C:0504H         LINE#         89
  C:0507H         LINE#         90
  C:0507H         LINE#         92
  C:0507H         LINE#         93
  C:0509H         LINE#         94
  C:0521H         LINE#         95
  C:0523H         LINE#         96
  C:0525H         LINE#         97
  -------         ENDPROC       _TIMER2_DELAY500US
BL51 BANKED LINKER/LOCATER V6.22                                                      04/02/2024  10:10:08  PAGE 13


  -------         PROC          _TIMER3_DELAY100MS
  D:006DH         SYMBOL        u32CNT
  C:0526H         LINE#         99
  C:052EH         LINE#         100
  C:052EH         LINE#         101
  C:0531H         LINE#         102
  C:0534H         LINE#         103
  C:0547H         LINE#         104
  C:0547H         LINE#         105
  C:054AH         LINE#         106
  C:054DH         LINE#         107
  C:0552H         LINE#         108
  C:0552H         LINE#         110
  C:0552H         LINE#         111
  C:0555H         LINE#         112
  C:056DH         LINE#         113
  C:056FH         LINE#         114
  C:0572H         LINE#         115
  -------         ENDPROC       _TIMER3_DELAY100MS
  -------         PROC          _TIMER3_DELAY10US
  D:0071H         SYMBOL        u32CNT
  C:0573H         LINE#         117
  C:057BH         LINE#         118
  C:057BH         LINE#         119
  C:057EH         LINE#         120
  C:0581H         LINE#         121
  C:0594H         LINE#         122
  C:0594H         LINE#         123
  C:0597H         LINE#         124
  C:059AH         LINE#         125
  C:059FH         LINE#         126
  C:059FH         LINE#         128
  C:059FH         LINE#         129
  C:05A2H         LINE#         130
  C:05BAH         LINE#         131
  C:05BCH         LINE#         132
  C:05BFH         LINE#         133
  -------         ENDPROC       _TIMER3_DELAY10US
  -------         ENDMOD        DELAY

  -------         MODULE        ?C_STARTUP
  C:0284H         SEGMENT       ?C_C51STARTUP
  I:0075H         SEGMENT       ?STACK
  C:0000H         PUBLIC        ?C_STARTUP
  D:00E0H         SYMBOL        ACC
  D:00F0H         SYMBOL        B
  D:0083H         SYMBOL        DPH
  D:0082H         SYMBOL        DPL
  N:0000H         SYMBOL        IBPSTACK
  N:0100H         SYMBOL        IBPSTACKTOP
  N:0080H         SYMBOL        IDATALEN
  C:0287H         SYMBOL        IDATALOOP
  N:0000H         SYMBOL        PBPSTACK
  N:0000H         SYMBOL        PBPSTACKTOP
  N:0000H         SYMBOL        PDATALEN
  N:0000H         SYMBOL        PDATASTART
  N:0000H         SYMBOL        PPAGE
BL51 BANKED LINKER/LOCATER V6.22                                                      04/02/2024  10:10:08  PAGE 14


  N:0000H         SYMBOL        PPAGEENABLE
  D:00A0H         SYMBOL        PPAGE_SFR
  D:0081H         SYMBOL        SP
  C:0284H         SYMBOL        STARTUP1
  N:0000H         SYMBOL        XBPSTACK
  N:0000H         SYMBOL        XBPSTACKTOP
  N:02FFH         SYMBOL        XDATALEN
  C:0292H         SYMBOL        XDATALOOP
  N:0000H         SYMBOL        XDATASTART
  C:0000H         LINE#         92
  C:0284H         LINE#         99
  C:0286H         LINE#         100
  C:0287H         LINE#         101
  C:0288H         LINE#         102
  C:028AH         LINE#         106
  C:028DH         LINE#         107
  C:028FH         LINE#         109
  C:0291H         LINE#         113
  C:0292H         LINE#         114
  C:0293H         LINE#         115
  C:0294H         LINE#         116
  C:0296H         LINE#         117
  C:0298H         LINE#         151
  C:029BH         LINE#         155
  -------         ENDMOD        ?C_STARTUP

  -------         MODULE        ?C?CLDPTR
  C:0056H         PUBLIC        ?C?CLDPTR
  -------         ENDMOD        ?C?CLDPTR

  -------         MODULE        ?C?CSTPTR
  C:006FH         PUBLIC        ?C?CSTPTR
  -------         ENDMOD        ?C?CSTPTR

  -------         MODULE        ?C?ULDIV
  C:00BDH         PUBLIC        ?C?ULDIV
  -------         ENDMOD        ?C?ULDIV

  -------         MODULE        ?C?ULCMP
  C:014FH         PUBLIC        ?C?ULCMP
  -------         ENDMOD        ?C?ULCMP

  -------         MODULE        ?C?ULSHR
  C:0160H         PUBLIC        ?C?ULSHR
  -------         ENDMOD        ?C?ULSHR

  -------         MODULE        ?C?CCASE
  C:0173H         PUBLIC        ?C?CCASE
  -------         ENDMOD        ?C?CCASE

  -------         MODULE        STRLEN
  C:0036H         PUBLIC        _STRLEN
  -------         ENDMOD        STRLEN

Program Size: data=114.1 xdata=0 code=2103
LINK/LOCATE RUN COMPLETE.  0 WARNING(S),  0 ERROR(S)
